Script started on Fri 19 Jan 2018 06:34:50 PM EST
tolent37@dh2026pc03:~/209/w2$ ggd[K[Kdb overflow
GNU gdb (Ubuntu 7.11.1-0ubuntu1~16.5) 7.11.1
Copyright (C) 2016 Free Software Foundation, Inc.
License GPLv3+: GNU GPL version 3 or later <http://gnu.org/licenses/gpl.html>
This is free software: you are free to change and redistribute it.
There is NO WARRANTY, to the extent permitted by law.  Type "show copying"
and "show warranty" for details.
This GDB was configured as "x86_64-linux-gnu".
Type "show configuration" for configuration details.
For bug reporting instructions, please see:
<http://www.gnu.org/software/gdb/bugs/>.
Find the GDB manual and other documentation resources online at:
<http://www.gnu.org/software/gdb/documentation/>.
For help, type "help".
Type "apropos word" to search for commands related to "word"...
Reading symbols from overflow...done.
(gdb) list 37[K[K[K[K[K[K[Kbreak 37
Breakpoint 1 at 0x40083b: file overflow.c, line 37.
(gdb) continoue[K[K[K[K[K[K[K[K[Krun
Starting program: /student/tolent37/209/w2/overflow 
Address of the variables:
7fffffffe9f0 -> &after[0]
7fffffffe9f4 -> &after[1]
7fffffffe9f8 -> &after[2]
7fffffffe9fc -> &after[3]
7fffffffe9e0 -> &a[0]
7fffffffe9e4 -> &a[1]
7fffffffe9e8 -> &a[2]
7fffffffe9ec -> &a[3]
7fffffffe9d0 -> &before[0]
7fffffffe9d4 -> &before[1]
7fffffffe9d8 -> &before[2]
7fffffffe9dc -> &before[3]
7fffffffe9cc -> &i
7fffffffe9c8 -> &index

Initial values:
i = 0
before = {10, 10, 10, 10}
a = {0, 0, 0, 0}
after = {10, 10, 10, 10}


Breakpoint 1, main () at overflow.c:37
37	        a[i] = i * 10;
(gdb) continoue
Undefined command: "continoue".  Try "help".
(gdb) continue
Continuing.
i = 0
before = {10, 10, 10, 10}
a = {0, 0, 0, 0}
after = {10, 10, 10, 10}

Breakpoint 1, main () at overflow.c:37
37	        a[i] = i * 10;
(gdb) next
38	        printf("i = %d\n", i);
(gdb) next
i = 1
39	        printf("before = {%d, %d, %d, %d}\n", before[0], before[1], before[2], before[3]);
(gdb) next
before = {10, 10, 10, 10}
40	        printf("a = {%d, %d, %d, %d}\n", a[0], a[1], a[2], a[3]);
(gdb) next
a = {0, 10, 0, 0}
41	        printf("after = {%d, %d, %d, %d}\n", after[0], after[1], after[2], after[3]);
(gdb) next
after = {10, 10, 10, 10}
36	    for (i = 0; i < OVERFLOW; i++) {
(gdb) next

Breakpoint 1, main () at overflow.c:37
37	        a[i] = i * 10;
(gdb) next
38	        printf("i = %d\n", i);
(gdb) next
i = 2
39	        printf("before = {%d, %d, %d, %d}\n", before[0], before[1], before[2], before[3]);
(gdb) next
before = {10, 10, 10, 10}
40	        printf("a = {%d, %d, %d, %d}\n", a[0], a[1], a[2], a[3]);
(gdb) next
a = {0, 10, 20, 0}
41	        printf("after = {%d, %d, %d, %d}\n", after[0], after[1], after[2], after[3]);
(gdb) next
after = {10, 10, 10, 10}
36	    for (i = 0; i < OVERFLOW; i++) {
(gdb) next

Breakpoint 1, main () at overflow.c:37
37	        a[i] = i * 10;
(gdb) next
38	        printf("i = %d\n", i);
(gdb) next
i = 3
39	        printf("before = {%d, %d, %d, %d}\n", before[0], before[1], before[2], before[3]);
(gdb) next
before = {10, 10, 10, 10}
40	        printf("a = {%d, %d, %d, %d}\n", a[0], a[1], a[2], a[3]);
(gdb) next
a = {0, 10, 20, 30}
41	        printf("after = {%d, %d, %d, %d}\n", after[0], after[1], after[2], after[3]);
(gdb) next
after = {10, 10, 10, 10}
36	    for (i = 0; i < OVERFLOW; i++) {
(gdb) next

Breakpoint 1, main () at overflow.c:37
37	        a[i] = i * 10;
(gdb) next
38	        printf("i = %d\n", i);
(gdb) next
i = 4
39	        printf("before = {%d, %d, %d, %d}\n", before[0], before[1], before[2], before[3]);
(gdb) next
before = {10, 10, 10, 10}
40	        printf("a = {%d, %d, %d, %d}\n", a[0], a[1], a[2], a[3]);
(gdb) next
a = {0, 10, 20, 30}
41	        printf("after = {%d, %d, %d, %d}\n", after[0], after[1], after[2], after[3]);
(gdb) next
after = {40, 10, 10, 10}
36	    for (i = 0; i < OVERFLOW; i++) {
(gdb) print [K[K[K[K[K[Kprint &(after[0])
$1 = (int *) 0x7fffffffe9f0
(gdb) print &(after[0])[C[C[C[C[C[Cnext[Kprint &(after[0])[1P])4])
$2 = (int *) 0x7fffffffea00
(gdb) quit
A debugging session is active.

	Inferior 1 [process 4586] will be killed.

Quit anyway? (y or n) y
tolent37@dh2026pc03:~/209/w2$ exit
exit

Script done on Fri 19 Jan 2018 06:39:33 PM EST
